// Bun Snapshot v1, https://goo.gl/fbAQLP

exports[`findTeamsWithMembers shall get team with members 1`] = `
[
  {
    "bedtime": "21:30",
    "camp": false,
    "favoredBerries": undefined,
    "index": 0,
    "members": [
      {
        "carrySize": 10,
        "externalId": "111111111111111111111111111111111111",
        "gender": undefined,
        "ingredients": [
          {
            "ingredient": "Berry",
            "level": 0,
          },
          {
            "ingredient": "Potion",
            "level": 30,
          },
          {
            "ingredient": "Elixir",
            "level": 60,
          },
        ],
        "level": 25,
        "memberIndex": 0,
        "name": "Sparky",
        "nature": "Brave",
        "pokemon": "Pikachu",
        "ribbon": 0,
        "saved": true,
        "shiny": false,
        "skillLevel": 5,
        "subskills": [
          {
            "level": 10,
            "subskill": "Thunderbolt",
          },
          {
            "level": 25,
            "subskill": "Quick Attack",
          },
          {
            "level": 50,
            "subskill": "Iron Tail",
          },
          {
            "level": 75,
            "subskill": "Electro Ball",
          },
          {
            "level": 100,
            "subskill": "Thunder",
          },
        ],
        "version": 1,
      },
      {
        "carrySize": 10,
        "externalId": "111111111111111111111111111111111111",
        "gender": undefined,
        "ingredients": [
          {
            "ingredient": "Berry",
            "level": 0,
          },
          {
            "ingredient": "Potion",
            "level": 30,
          },
          {
            "ingredient": "Elixir",
            "level": 60,
          },
        ],
        "level": 25,
        "memberIndex": 1,
        "name": "Sparky",
        "nature": "Brave",
        "pokemon": "Pikachu",
        "ribbon": 0,
        "saved": true,
        "shiny": false,
        "skillLevel": 5,
        "subskills": [
          {
            "level": 10,
            "subskill": "Thunderbolt",
          },
          {
            "level": 25,
            "subskill": "Quick Attack",
          },
          {
            "level": 50,
            "subskill": "Iron Tail",
          },
          {
            "level": 75,
            "subskill": "Electro Ball",
          },
          {
            "level": 100,
            "subskill": "Thunder",
          },
        ],
        "version": 1,
      },
      {
        "carrySize": 10,
        "externalId": "222222222222222222222222222222222222",
        "gender": undefined,
        "ingredients": [
          {
            "ingredient": "Berry",
            "level": 0,
          },
          {
            "ingredient": "Potion",
            "level": 30,
          },
          {
            "ingredient": "Elixir",
            "level": 60,
          },
        ],
        "level": 25,
        "memberIndex": 2,
        "name": "Bubble",
        "nature": "Brave",
        "pokemon": "Bulbasaur",
        "ribbon": 0,
        "saved": true,
        "shiny": false,
        "skillLevel": 5,
        "subskills": [
          {
            "level": 10,
            "subskill": "Thunderbolt",
          },
          {
            "level": 25,
            "subskill": "Quick Attack",
          },
          {
            "level": 50,
            "subskill": "Iron Tail",
          },
          {
            "level": 75,
            "subskill": "Electro Ball",
          },
          {
            "level": 100,
            "subskill": "Thunder",
          },
        ],
        "version": 1,
      },
    ],
    "name": "Team A",
    "recipeType": "curry",
    "version": 1,
    "wakeup": "06:00",
  },
]
`;
