// Jest Snapshot v1, https://goo.gl/fbAQLP

exports[`activateMetronome shall use the correct metronomeFactor for each skill activation 1`] = `
[
  {
    "adjustedAmount": 2.457142857142857,
    "fractionOfProc": 0.05714285714285715,
    "nrOfHelpsToActivate": 2,
    "skill": {
      "RP": [
        400,
        569,
        785,
        1083,
        1496,
        2066,
      ],
      "amount": [
        12,
        16,
        21,
        26,
        33,
        43,
      ],
      "description": "Restores ? Energy to the user.",
      "maxLevel": 6,
      "name": "Charge Energy S",
      "unit": "energy",
    },
  },
  {
    "adjustedAmount": 0.5714285714285714,
    "fractionOfProc": 0.05714285714285715,
    "nrOfHelpsToActivate": 2,
    "skill": {
      "RP": [
        880,
        1251,
        1726,
        2383,
        3290,
        4546,
      ],
      "amount": [
        14,
        17,
        22,
        28,
        38,
        50,
      ],
      "description": "Restores ? Energy to one random Pokémon on your team.",
      "maxLevel": 6,
      "name": "Energizing Cheer S",
      "unit": "energy",
    },
  },
  {
    "adjustedAmount": 1.0285714285714287,
    "fractionOfProc": 0.05714285714285715,
    "nrOfHelpsToActivate": 2,
    "skill": {
      "RP": [
        1120,
        1593,
        2197,
        3033,
        4187,
        5785,
      ],
      "amount": [
        5,
        7,
        9,
        11,
        15,
        18,
      ],
      "description": "Restores ? Energy to each helper Pokémon on your team.",
      "maxLevel": 6,
      "name": "Energy For Everyone",
      "unit": "energy",
    },
  },
  {
    "adjustedAmount": 259.7714285714286,
    "fractionOfProc": 0.05714285714285715,
    "nrOfHelpsToActivate": 2,
    "skill": {
      "RP": [
        880,
        1251,
        1726,
        2383,
        3290,
        4546,
        5843,
      ],
      "amount": [
        880,
        1251,
        1726,
        2383,
        3290,
        4546,
        6409,
      ],
      "description": "Increases Snorlax's Strength by ?.",
      "maxLevel": 7,
      "name": "Charge Strength M",
      "unit": "strength",
    },
  },
  {
    "adjustedAmount": 118.05714285714286,
    "fractionOfProc": 0.05714285714285715,
    "nrOfHelpsToActivate": 2,
    "skill": {
      "RP": [
        400,
        569,
        785,
        1083,
        1496,
        2066,
        2656,
      ],
      "amount": [
        400,
        569,
        785,
        1083,
        1496,
        2066,
        3002,
      ],
      "description": "Increases Snorlax's Strength by ?.",
      "maxLevel": 7,
      "name": "Charge Strength S",
      "unit": "strength",
    },
  },
  {
    "adjustedAmount": 147.57142857142858,
    "fractionOfProc": 0.05714285714285715,
    "nrOfHelpsToActivate": 2,
    "skill": {
      "RP": [
        400,
        569,
        785,
        1083,
        1496,
        2066,
        2656,
      ],
      "amount": [
        500,
        711.25,
        981.25,
        1353.75,
        1870,
        2582.5,
        3752.5,
      ],
      "description": "Increases Snorlax's Strength on average by ?.",
      "maxLevel": 7,
      "name": "Charge Strength S Range",
      "unit": "strength",
    },
  },
  {
    "adjustedAmount": 72,
    "fractionOfProc": 0.05714285714285715,
    "nrOfHelpsToActivate": 2,
    "skill": {
      "RP": [
        400,
        569,
        785,
        1083,
        1496,
        2066,
        2656,
      ],
      "amount": [
        240,
        340,
        480,
        670,
        920,
        1260,
        1800,
      ],
      "description": "Obtain ? Dream Shards.",
      "maxLevel": 7,
      "name": "Dream Shard Magnet S",
      "unit": "dream shards",
    },
  },
  {
    "adjustedAmount": 90,
    "fractionOfProc": 0.05714285714285715,
    "nrOfHelpsToActivate": 2,
    "skill": {
      "RP": [
        400,
        569,
        785,
        1083,
        1496,
        2066,
        2656,
      ],
      "amount": [
        300,
        425,
        600,
        837.5,
        1150,
        1575,
        2250,
      ],
      "description": "Obtain ? Dream Shards on average.",
      "maxLevel": 7,
      "name": "Dream Shard Magnet S Range",
      "unit": "dream shards",
    },
  },
  {
    "adjustedAmount": 0.11428571428571428,
    "adjustedProduce": {
      "berries": {
        "amount": 1.1428571428571428,
        "berry": {
          "name": "BELUE",
          "type": "steel",
          "value": 33,
        },
      },
      "ingredients": [
        {
          "amount": 2.2857142857142856,
          "ingredient": {
            "longName": "Bean Sausage",
            "name": "Sausage",
            "taxedValue": 31,
            "value": 103,
          },
        },
      ],
    },
    "fractionOfProc": 0.05714285714285715,
    "nrOfHelpsToActivate": 2,
    "skill": {
      "RP": [
        880,
        1251,
        1726,
        2383,
        3290,
        4546,
        5843,
      ],
      "amount": [
        5,
        6,
        7,
        8,
        9,
        10,
        11,
      ],
      "description": "Instantly gets you x? the usual help from a helper Pokémon.",
      "maxLevel": 7,
      "name": "Extra Helpful S",
      "unit": "helps",
    },
  },
  {
    "adjustedAmount": 0.2857142857142857,
    "adjustedProduce": {
      "berries": {
        "amount": 2.857142857142857,
        "berry": {
          "name": "BELUE",
          "type": "steel",
          "value": 33,
        },
      },
      "ingredients": [
        {
          "amount": 5.714285714285714,
          "ingredient": {
            "longName": "Bean Sausage",
            "name": "Sausage",
            "taxedValue": 31,
            "value": 103,
          },
        },
      ],
    },
    "fractionOfProc": 0.05714285714285715,
    "nrOfHelpsToActivate": 2,
    "skill": {
      "RP": [
        2800,
        3902,
        5273,
        6975,
        9317,
        12438,
      ],
      "amount": [
        2,
        3,
        3,
        4,
        4,
        5,
      ],
      "description": "Instantly gets your x? the usual help from all Pokémon on your team. Meet certain conditions to boost effect.",
      "maxLevel": 6,
      "name": "Helper Boost",
      "unit": "helps",
    },
  },
  {
    "adjustedAmount": 1.542857142857143,
    "fractionOfProc": 0.05714285714285715,
    "nrOfHelpsToActivate": 2,
    "skill": {
      "RP": [
        880,
        1251,
        1726,
        2383,
        3290,
        4546,
        5843,
      ],
      "amount": [
        7,
        10,
        12,
        17,
        22,
        27,
        32,
      ],
      "description": "Gives your pot room for ? more ingredients next time you cook.",
      "maxLevel": 7,
      "name": "Cooking Power-up S",
      "unit": "pot size",
    },
  },
  {
    "adjustedAmount": 0.5714285714285714,
    "fractionOfProc": 0.05714285714285715,
    "nrOfHelpsToActivate": 2,
    "skill": {
      "RP": [
        880,
        1251,
        1726,
        2383,
        3290,
        4546,
      ],
      "amount": [
        4,
        5,
        6,
        7,
        8,
        10,
      ],
      "description": "Raises your Extra Tasty rate by ?%. The effect lasts until you cook an Extra Tasty dish or change sites.",
      "maxLevel": 6,
      "name": "Tasty Chance S",
      "unit": "chance",
    },
  },
  {
    "adjustedAmount": 1.2,
    "adjustedProduce": {
      "berries": {
        "amount": 0,
        "berry": {
          "name": "LUM",
          "type": "bug",
          "value": 24,
        },
      },
      "ingredients": [
        {
          "amount": 0.07058823529411765,
          "ingredient": {
            "longName": "Fancy Apple",
            "name": "Apple",
            "taxedValue": 23.7,
            "value": 90,
          },
        },
        {
          "amount": 0.07058823529411765,
          "ingredient": {
            "longName": "Moomoo Milk",
            "name": "Milk",
            "taxedValue": 28.1,
            "value": 98,
          },
        },
        {
          "amount": 0.07058823529411765,
          "ingredient": {
            "longName": "Greengrass Soybeans",
            "name": "Soybean",
            "taxedValue": 29.2,
            "value": 100,
          },
        },
        {
          "amount": 0.07058823529411765,
          "ingredient": {
            "longName": "Honey",
            "name": "Honey",
            "taxedValue": 29.8,
            "value": 101,
          },
        },
        {
          "amount": 0.07058823529411765,
          "ingredient": {
            "longName": "Bean Sausage",
            "name": "Sausage",
            "taxedValue": 31,
            "value": 103,
          },
        },
        {
          "amount": 0.07058823529411765,
          "ingredient": {
            "longName": "Warming Ginger",
            "name": "Ginger",
            "taxedValue": 34.7,
            "value": 109,
          },
        },
        {
          "amount": 0.07058823529411765,
          "ingredient": {
            "longName": "Snoozy Tomato",
            "name": "Tomato",
            "taxedValue": 35.4,
            "value": 110,
          },
        },
        {
          "amount": 0.07058823529411765,
          "ingredient": {
            "longName": "Fancy Egg",
            "name": "Egg",
            "taxedValue": 38.7,
            "value": 115,
          },
        },
        {
          "amount": 0.07058823529411765,
          "ingredient": {
            "longName": "Pure Oil",
            "name": "Oil",
            "taxedValue": 42.8,
            "value": 121,
          },
        },
        {
          "amount": 0.07058823529411765,
          "ingredient": {
            "longName": "Soft Potato",
            "name": "Potato",
            "taxedValue": 45,
            "value": 124,
          },
        },
        {
          "amount": 0.07058823529411765,
          "ingredient": {
            "longName": "Fiery Herb",
            "name": "Herb",
            "taxedValue": 49.4,
            "value": 130,
          },
        },
        {
          "amount": 0.07058823529411765,
          "ingredient": {
            "longName": "Greengrass Corn",
            "name": "Corn",
            "taxedValue": 57.3,
            "value": 140,
          },
        },
        {
          "amount": 0.07058823529411765,
          "ingredient": {
            "longName": "Soothing Cacao",
            "name": "Cacao",
            "taxedValue": 66.7,
            "value": 151,
          },
        },
        {
          "amount": 0.07058823529411765,
          "ingredient": {
            "longName": "Rousing Coffee",
            "name": "Coffee",
            "taxedValue": 68.4,
            "value": 153,
          },
        },
        {
          "amount": 0.07058823529411765,
          "ingredient": {
            "longName": "Tasty Mushroom",
            "name": "Mushroom",
            "taxedValue": 81.5,
            "value": 167,
          },
        },
        {
          "amount": 0.07058823529411765,
          "ingredient": {
            "longName": "Large Leek",
            "name": "Leek",
            "taxedValue": 100.1,
            "value": 185,
          },
        },
        {
          "amount": 0.07058823529411765,
          "ingredient": {
            "longName": "Slowpoke Tail",
            "name": "Tail",
            "taxedValue": 342,
            "value": 342,
          },
        },
      ],
    },
    "fractionOfProc": 0.05714285714285715,
    "nrOfHelpsToActivate": 2,
    "skill": {
      "RP": [
        880,
        1251,
        1726,
        2383,
        3290,
        4546,
        5843,
      ],
      "amount": [
        6,
        8,
        11,
        14,
        17,
        21,
        24,
      ],
      "description": "Gets you ? ingredients chosen at random.",
      "maxLevel": 7,
      "name": "Ingredient Magnet S",
      "unit": "ingredients",
    },
  },
  {
    "adjustedAmount": 177.08571428571432,
    "fractionOfProc": 0.05714285714285715,
    "nrOfHelpsToActivate": 2,
    "skill": {
      "RP": [
        600,
        853,
        1177,
        1625,
        2243,
        3099,
        3984,
      ],
      "amount": [
        600,
        853,
        1177,
        1625,
        2243,
        3099,
        4497,
      ],
      "description": "Stockpile or Spit Up is selected. When Spit Up triggers, Snorlax gains Strength from Stockpile's number.",
      "maxLevel": 7,
      "name": "Stockpile (Charge Strength S",
      "unit": "stockpile",
    },
  },
]
`;
