// Vitest Snapshot v1, https://vitest.dev/guide/snapshot.html

exports[`migration-utils > getMigrations > should return migrations sorted by version 1`] = `
[
  {
    "description": "Sets up initial baseline version.",
    "up": [Function],
    "version": 1,
  },
  {
    "description": "Adds support for multiple providers.",
    "up": [Function],
    "version": 2,
  },
  {
    "description": "Migrates areaBonus Record to islands structure with IslandInstance objects.",
    "up": [Function],
    "version": 3,
  },
  {
    "description": "Adds amber island to existing users islands state.",
    "up": [Function],
    "version": 4,
  },
  {
    "description": "Adds the GGEX and CBEX expert islands to existing users islands state.",
    "up": [Function],
    "version": 5,
  },
  {
    "description": "Adds rank thresholds to stored team and user islands.",
    "up": [Function],
    "version": 6,
  },
]
`;
